[true, "Site,SANs,Array\nConfigured Capacity,Array Reserved Capacity,Array Ava\nilable Capacity,Array % Reserved,Host Allocated,Host Used,Host Free,Host %\nUsed\n"]
